// Vitest Snapshot v1

exports[`render Home component should render Home page component 1`] = `
<div>
  <h3>
    Home Page
  </h3>
  <button
    className="ui button"
    onClick={[Function]}
  >
    Open Modal
  </button>
  <Modal
    actions={
      Array [
        Object {
          "buttonLabel": "Close",
          "klasses": "positive right labeled icon ",
          "onClick": [Function],
        },
      ]
    }
    headerTitle="hello"
    isActive={true}
  >
    this is content
  </Modal>
</div>
`;
