// Vitest Snapshot v1

exports[`render Login component > should render Login page component 1`] = `
<div>
  <Row
    justify="center"
  >
    <Col>
      <Connect(LoginForm) />
    </Col>
  </Row>
</div>
`;

exports[`render Login component should render Login page component 1`] = `
<div>
  <h3>
    Login Page
  </h3>
  <Connect(Component) />
</div>
`;
