// Vitest Snapshot v1

exports[`render Portal component should render correctly 1`] = `
<Portal>
  <Portal
    containerInfo={
      <div>
        <p>
          Child JSX
        </p>
      </div>
    }
  >
    <p>
      Child JSX
    </p>
  </Portal>
</Portal>
`;
