// Vitest Snapshot v1

exports[`render PublicRoute component > should handle publicRouteRender when logged in 1`] = `ShallowWrapper {}`;

exports[`render PublicRoute component > should handle publicRouteRender when not logged in 1`] = `ShallowWrapper {}`;

exports[`render PublicRoute component > should render PublicRoute component 1`] = `
<Route
  render={[Function]}
/>
`;

exports[`render PublicRoute component should handle publicRouteRender when logged in 1`] = `
<div>
  <Redirect
    to={
      Object {
        "pathname": "/",
        "state": Object {
          "from": Object {
            "hash": "",
            "key": "",
            "pathname": "",
            "search": "",
            "state": "",
          },
        },
      }
    }
  />
</div>
`;

exports[`render PublicRoute component should handle publicRouteRender when not logged in 1`] = `
<div>
  <p>
    JSX Child
  </p>
</div>
`;

exports[`render PublicRoute component should render PublicRoute component 1`] = `
<Route
  render={[Function]}
/>
`;
