// Jest Snapshot v1, https://goo.gl/fbAQLP

exports[`render AppRouter component should render AppRouter component 1`] = `<AppRouter />`;
